Archive member included to satisfy reference by file (symbol)

C:/ST/STM32CubeIDE_1.14.1/STM32CubeIDE/plugins/com.st.stm32cube.ide.mcu.externaltools.gnu-tools-for-stm32.11.3.rel1.win32_1.1.100.202309141235/tools/bin/../lib/gcc/arm-none-eabi/11.3.1/../../../../arm-none-eabi/lib/thumb/v7-m/nofp\libc_nano.a(libc_a-exit.o)
                              C:/ST/STM32CubeIDE_1.14.1/STM32CubeIDE/plugins/com.st.stm32cube.ide.mcu.externaltools.gnu-tools-for-stm32.11.3.rel1.win32_1.1.100.202309141235/tools/bin/../lib/gcc/arm-none-eabi/11.3.1/../../../../arm-none-eabi/lib/thumb/v7-m/nofp/crt0.o (exit)
C:/ST/STM32CubeIDE_1.14.1/STM32CubeIDE/plugins/com.st.stm32cube.ide.mcu.externaltools.gnu-tools-for-stm32.11.3.rel1.win32_1.1.100.202309141235/tools/bin/../lib/gcc/arm-none-eabi/11.3.1/../../../../arm-none-eabi/lib/thumb/v7-m/nofp\libc_nano.a(libc_a-findfp.o)
                              C:/ST/STM32CubeIDE_1.14.1/STM32CubeIDE/plugins/com.st.stm32cube.ide.mcu.externaltools.gnu-tools-for-stm32.11.3.rel1.win32_1.1.100.202309141235/tools/bin/../lib/gcc/arm-none-eabi/11.3.1/../../../../arm-none-eabi/lib/thumb/v7-m/nofp\libc_nano.a(libc_a-exit.o) (__stdio_exit_handler)
C:/ST/STM32CubeIDE_1.14.1/STM32CubeIDE/plugins/com.st.stm32cube.ide.mcu.externaltools.gnu-tools-for-stm32.11.3.rel1.win32_1.1.100.202309141235/tools/bin/../lib/gcc/arm-none-eabi/11.3.1/../../../../arm-none-eabi/lib/thumb/v7-m/nofp\libc_nano.a(libc_a-fwalk.o)
                              C:/ST/STM32CubeIDE_1.14.1/STM32CubeIDE/plugins/com.st.stm32cube.ide.mcu.externaltools.gnu-tools-for-stm32.11.3.rel1.win32_1.1.100.202309141235/tools/bin/../lib/gcc/arm-none-eabi/11.3.1/../../../../arm-none-eabi/lib/thumb/v7-m/nofp\libc_nano.a(libc_a-findfp.o) (_fwalk_sglue)
C:/ST/STM32CubeIDE_1.14.1/STM32CubeIDE/plugins/com.st.stm32cube.ide.mcu.externaltools.gnu-tools-for-stm32.11.3.rel1.win32_1.1.100.202309141235/tools/bin/../lib/gcc/arm-none-eabi/11.3.1/../../../../arm-none-eabi/lib/thumb/v7-m/nofp\libc_nano.a(libc_a-stdio.o)
                              C:/ST/STM32CubeIDE_1.14.1/STM32CubeIDE/plugins/com.st.stm32cube.ide.mcu.externaltools.gnu-tools-for-stm32.11.3.rel1.win32_1.1.100.202309141235/tools/bin/../lib/gcc/arm-none-eabi/11.3.1/../../../../arm-none-eabi/lib/thumb/v7-m/nofp\libc_nano.a(libc_a-findfp.o) (__sread)
C:/ST/STM32CubeIDE_1.14.1/STM32CubeIDE/plugins/com.st.stm32cube.ide.mcu.externaltools.gnu-tools-for-stm32.11.3.rel1.win32_1.1.100.202309141235/tools/bin/../lib/gcc/arm-none-eabi/11.3.1/../../../../arm-none-eabi/lib/thumb/v7-m/nofp\libc_nano.a(libc_a-memset.o)
                              C:/ST/STM32CubeIDE_1.14.1/STM32CubeIDE/plugins/com.st.stm32cube.ide.mcu.externaltools.gnu-tools-for-stm32.11.3.rel1.win32_1.1.100.202309141235/tools/bin/../lib/gcc/arm-none-eabi/11.3.1/../../../../arm-none-eabi/lib/thumb/v7-m/nofp/crt0.o (memset)
C:/ST/STM32CubeIDE_1.14.1/STM32CubeIDE/plugins/com.st.stm32cube.ide.mcu.externaltools.gnu-tools-for-stm32.11.3.rel1.win32_1.1.100.202309141235/tools/bin/../lib/gcc/arm-none-eabi/11.3.1/../../../../arm-none-eabi/lib/thumb/v7-m/nofp\libc_nano.a(libc_a-closer.o)
                              C:/ST/STM32CubeIDE_1.14.1/STM32CubeIDE/plugins/com.st.stm32cube.ide.mcu.externaltools.gnu-tools-for-stm32.11.3.rel1.win32_1.1.100.202309141235/tools/bin/../lib/gcc/arm-none-eabi/11.3.1/../../../../arm-none-eabi/lib/thumb/v7-m/nofp\libc_nano.a(libc_a-stdio.o) (_close_r)
C:/ST/STM32CubeIDE_1.14.1/STM32CubeIDE/plugins/com.st.stm32cube.ide.mcu.externaltools.gnu-tools-for-stm32.11.3.rel1.win32_1.1.100.202309141235/tools/bin/../lib/gcc/arm-none-eabi/11.3.1/../../../../arm-none-eabi/lib/thumb/v7-m/nofp\libc_nano.a(libc_a-reent.o)
                              C:/ST/STM32CubeIDE_1.14.1/STM32CubeIDE/plugins/com.st.stm32cube.ide.mcu.externaltools.gnu-tools-for-stm32.11.3.rel1.win32_1.1.100.202309141235/tools/bin/../lib/gcc/arm-none-eabi/11.3.1/../../../../arm-none-eabi/lib/thumb/v7-m/nofp\libc_nano.a(libc_a-closer.o) (errno)
C:/ST/STM32CubeIDE_1.14.1/STM32CubeIDE/plugins/com.st.stm32cube.ide.mcu.externaltools.gnu-tools-for-stm32.11.3.rel1.win32_1.1.100.202309141235/tools/bin/../lib/gcc/arm-none-eabi/11.3.1/../../../../arm-none-eabi/lib/thumb/v7-m/nofp\libc_nano.a(libc_a-impure.o)
                              C:/ST/STM32CubeIDE_1.14.1/STM32CubeIDE/plugins/com.st.stm32cube.ide.mcu.externaltools.gnu-tools-for-stm32.11.3.rel1.win32_1.1.100.202309141235/tools/bin/../lib/gcc/arm-none-eabi/11.3.1/../../../../arm-none-eabi/lib/thumb/v7-m/nofp\libc_nano.a(libc_a-reent.o) (_impure_ptr)
C:/ST/STM32CubeIDE_1.14.1/STM32CubeIDE/plugins/com.st.stm32cube.ide.mcu.externaltools.gnu-tools-for-stm32.11.3.rel1.win32_1.1.100.202309141235/tools/bin/../lib/gcc/arm-none-eabi/11.3.1/../../../../arm-none-eabi/lib/thumb/v7-m/nofp\libc_nano.a(libc_a-lseekr.o)
[...]
Memory Configuration

Name             Origin             Length             Attributes
RAM              0x0000000020000000 0x000000000000c000 xrw
FLASH            0x0000000008000000 0x0000000000040000 xr
*default*        0x0000000000000000 0xffffffffffffffff

Linker script and memory map

LOAD C:/ST/STM32CubeIDE_1.14.1/STM32CubeIDE/plugins/com.st.stm32cube.ide.mcu.externaltools.gnu-tools-for-stm32.11.3.rel1.win32_1.1.100.202309141235/tools/bin/../lib/gcc/arm-none-eabi/11.3.1/thumb/v7-m/nofp/crti.o
LOAD C:/ST/STM32CubeIDE_1.14.1/STM32CubeIDE/plugins/com.st.stm32cube.ide.mcu.externaltools.gnu-tools-for-stm32.11.3.rel1.win32_1.1.100.202309141235/tools/bin/../lib/gcc/arm-none-eabi/11.3.1/thumb/v7-m/nofp/crtbegin.o
LOAD C:/ST/STM32CubeIDE_1.14.1/STM32CubeIDE/plugins/com.st.stm32cube.ide.mcu.externaltools.gnu-tools-for-stm32.11.3.rel1.win32_1.1.100.202309141235/tools/bin/../lib/gcc/arm-none-eabi/11.3.1/../../../../arm-none-eabi/lib/thumb/v7-m/nofp/crt0.o
LOAD ./Core/Src/7seg.o
LOAD ./Core/Src/automatic.o
LOAD ./Core/Src/button.o
LOAD ./Core/Src/global.o
LOAD ./Core/Src/main.o
LOAD ./Core/Src/manual.o
LOAD ./Core/Src/matrix.o
LOAD ./Core/Src/scheduler.o
LOAD ./Core/Src/stm32f1xx_hal_msp.o
LOAD ./Core/Src/stm32f1xx_it.o
LOAD ./Core/Src/syscalls.o
LOAD ./Core/Src/sysmem.o
LOAD ./Core/Src/system_stm32f1xx.o
LOAD ./Core/Src/timer.o
LOAD ./Core/Src/traffic_light.o
LOAD ./Core/Startup/startup_stm32f103rctx.o
LOAD ./Drivers/STM32F1xx_HAL_Driver/Src/stm32f1xx_hal.o
LOAD ./Drivers/STM32F1xx_HAL_Driver/Src/stm32f1xx_hal_cortex.o
LOAD ./Drivers/STM32F1xx_HAL_Driver/Src/stm32f1xx_hal_dma.o
LOAD ./Drivers/STM32F1xx_HAL_Driver/Src/stm32f1xx_hal_exti.o
LOAD ./Drivers/STM32F1xx_HAL_Driver/Src/stm32f1xx_hal_flash.o
LOAD ./Drivers/STM32F1xx_HAL_Driver/Src/stm32f1xx_hal_flash_ex.o
LOAD ./Drivers/STM32F1xx_HAL_Driver/Src/stm32f1xx_hal_gpio.o
LOAD ./Drivers/STM32F1xx_HAL_Driver/Src/stm32f1xx_hal_gpio_ex.o
LOAD ./Drivers/STM32F1xx_HAL_Driver/Src/stm32f1xx_hal_pwr.o
LOAD ./Drivers/STM32F1xx_HAL_Driver/Src/stm32f1xx_hal_rcc.o
LOAD ./Drivers/STM32F1xx_HAL_Driver/Src/stm32f1xx_hal_rcc_ex.o
LOAD ./Drivers/STM32F1xx_HAL_Driver/Src/stm32f1xx_hal_tim.o
LOAD ./Drivers/STM32F1xx_HAL_Driver/Src/stm32f1xx_hal_tim_ex.o
START GROUP
LOAD C:/ST/STM32CubeIDE_1.14.1/STM32CubeIDE/plugins/com.st.stm32cube.ide.mcu.externaltools.gnu-tools-for-stm32.11.3.rel1.win32_1.1.100.202309141235/tools/bin/../lib/gcc/arm-none-eabi/11.3.1/../../../../arm-none-eabi/lib/thumb/v7-m/nofp\libc_nano.a
LOAD C:/ST/STM32CubeIDE_1.14.1/STM32CubeIDE/plugins/com.st.stm32cube.ide.mcu.externaltools.gnu-tools-for-stm32.11.3.rel1.win32_1.1.100.202309141235/tools/bin/../lib/gcc/arm-none-eabi/11.3.1/../../../../arm-none-eabi/lib/thumb/v7-m/nofp\libm.a
END GROUP
START GROUP
LOAD C:/ST/STM32CubeIDE_1.14.1/STM32CubeIDE/plugins/com.st.stm32cube.ide.mcu.externaltools.gnu-tools-for-stm32.11.3.rel1.win32_1.1.100.202309141235/tools/bin/../lib/gcc/arm-none-eabi/11.3.1/thumb/v7-m/nofp\libgcc.a
LOAD C:/ST/STM32CubeIDE_1.14.1/STM32CubeIDE/plugins/com.st.stm32cube.ide.mcu.externaltools.gnu-tools-for-stm32.11.3.rel1.win32_1.1.100.202309141235/tools/bin/../lib/gcc/arm-none-eabi/11.3.1/../../../../arm-none-eabi/lib/thumb/v7-m/nofp\libc_nano.a
END GROUP
START GROUP
LOAD C:/ST/STM32CubeIDE_1.14.1/STM32CubeIDE/plugins/com.st.stm32cube.ide.mcu.externaltools.gnu-tools-for-stm32.11.3.rel1.win32_1.1.100.202309141235/tools/bin/../lib/gcc/arm-none-eabi/11.3.1/thumb/v7-m/nofp\libgcc.a
LOAD C:/ST/STM32CubeIDE_1.14.1/STM32CubeIDE/plugins/com.st.stm32cube.ide.mcu.externaltools.gnu-tools-for-stm32.11.3.rel1.win32_1.1.100.202309141235/tools/bin/../lib/gcc/arm-none-eabi/11.3.1/../../../../arm-none-eabi/lib/thumb/v7-m/nofp\libc_nano.a
LOAD C:/ST/STM32CubeIDE_1.14.1/STM32CubeIDE/plugins/com.st.stm32cube.ide.mcu.externaltools.gnu-tools-for-stm32.11.3.rel1.win32_1.1.100.202309141235/tools/bin/../lib/gcc/arm-none-eabi/11.3.1/../../../../arm-none-eabi/lib/thumb/v7-m/nofp\libnosys.a
END GROUP
START GROUP
LOAD C:/ST/STM32CubeIDE_1.14.1/STM32CubeIDE/plugins/com.st.stm32cube.ide.mcu.externaltools.gnu-tools-for-stm32.11.3.rel1.win32_1.1.100.202309141235/tools/bin/../lib/gcc/arm-none-eabi/11.3.1/thumb/v7-m/nofp\libgcc.a
LOAD C:/ST/STM32CubeIDE_1.14.1/STM32CubeIDE/plugins/com.st.stm32cube.ide.mcu.externaltools.gnu-tools-for-stm32.11.3.rel1.win32_1.1.100.202309141235/tools/bin/../lib/gcc/arm-none-eabi/11.3.1/../../../../arm-none-eabi/lib/thumb/v7-m/nofp\libc_nano.a
LOAD C:/ST/STM32CubeIDE_1.14.1/STM32CubeIDE/plugins/com.st.stm32cube.ide.mcu.externaltools.gnu-tools-for-stm32.11.3.rel1.win32_1.1.100.202309141235/tools/bin/../lib/gcc/arm-none-eabi/11.3.1/../../../../arm-none-eabi/lib/thumb/v7-m/nofp\libnosys.a
END GROUP
LOAD C:/ST/STM32CubeIDE_1.14.1/STM32CubeIDE/plugins/com.st.stm32cube.ide.mcu.externaltools.gnu-tools-for-stm32.11.3.rel1.win32_1.1.100.202309141235/tools/bin/../lib/gcc/arm-none-eabi/11.3.1/thumb/v7-m/nofp/crtend.o
LOAD C:/ST/STM32CubeIDE_1.14.1/STM32CubeIDE/plugins/com.st.stm32cube.ide.mcu.externaltools.gnu-tools-for-stm32.11.3.rel1.win32_1.1.100.202309141235/tools/bin/../lib/gcc/arm-none-eabi/11.3.1/thumb/v7-m/nofp/crtn.o
                0x000000002000c000                _estack = (ORIGIN (RAM) + LENGTH (RAM))
                0x0000000000000200                _Min_Heap_Size = 0x200
                0x0000000000000400                _Min_Stack_Size = 0x400

.isr_vector     0x0000000008000000      0x1e4
                0x0000000008000000                . = ALIGN (0x4)
 *(.isr_vector)
 .isr_vector    0x0000000008000000      0x1e4 ./Core/Startup/startup_stm32f103rctx.o
                0x0000000008000000                g_pfnVectors
                0x00000000080001e4                . = ALIGN (0x4)

.text           0x00000000080001e4     0x2eac
                0x00000000080001e4                . = ALIGN (0x4)
 *(.text)
 .text          0x00000000080001e4       0x40 C:/ST/STM32CubeIDE_1.14.1/STM32CubeIDE/plugins/com.st.stm32cube.ide.mcu.externaltools.gnu-tools-for-stm32.11.3.rel1.win32_1.1.100.202309141235/tools/bin/../lib/gcc/arm-none-eabi/11.3.1/thumb/v7-m/nofp/crtbegin.o
 *(.text*)
 .text.resetAllDigits
                0x0000000008000224       0x38 ./Core/Src/7seg.o
                0x0000000008000224                resetAllDigits
 .text.setNum2Digit
                0x000000000800025c       0x80 ./Core/Src/7seg.o
                0x000000000800025c                setNum2Digit
 .text.display7SEG
                0x00000000080002dc      0x150 ./Core/Src/7seg.o
                0x00000000080002dc                display7SEG
 .text.update7SEG
                0x000000000800042c       0xa4 ./Core/Src/7seg.o
                0x000000000800042c                update7SEG
 .text.updateBufferXLine
                0x00000000080004d0       0x60 ./Core/Src/7seg.o
                0x00000000080004d0                updateBufferXLine
 .text.updateBufferYLine
                0x0000000008000530       0x60 ./Core/Src/7seg.o
                0x0000000008000530                updateBufferYLine
 .text.autoUpdate7Seg
                0x0000000008000590       0x2c ./Core/Src/7seg.o
                0x0000000008000590                autoUpdate7Seg
 .text.fsm_automatic
                0x00000000080005bc      0x390 ./Core/Src/automatic.o
                0x00000000080005bc                fsm_automatic
 .text.initButtons
                0x000000000800094c       0x98 ./Core/Src/button.o
                0x000000000800094c                initButtons
 .text.isButtonPressed
                0x00000000080009e4       0x34 ./Core/Src/button.o
                0x00000000080009e4                isButtonPressed
 .text.getKeyInput
                0x0000000008000a18      0x158 ./Core/Src/button.o
                0x0000000008000a18                getKeyInput
 .text.fsm_setting
                0x0000000008000b70       0xa0 ./Core/Src/global.o
                0x0000000008000b70                fsm_setting
 .text.main     0x0000000008000c10       0x88 ./Core/Src/main.o
                0x0000000008000c10                main
 .text.SystemClock_Config
                0x0000000008000c98       0x76 ./Core/Src/main.o
                0x0000000008000c98                SystemClock_Config
 *fill*         0x0000000008000d0e        0x2 
 .text.MX_TIM2_Init
                0x0000000008000d10       0x98 ./Core/Src/main.o
 .text.MX_GPIO_Init
                0x0000000008000da8      0x104 ./Core/Src/main.o
 .text.HAL_TIM_PeriodElapsedCallback
                0x0000000008000eac       0x18 ./Core/Src/main.o
                0x0000000008000eac                HAL_TIM_PeriodElapsedCallback
 .text.Error_Handler
                0x0000000008000ec4        0xa ./Core/Src/main.o
                0x0000000008000ec4                Error_Handler
 *fill*         0x0000000008000ece        0x2 
 .text.fsm_manual
                0x0000000008000ed0      0x32c ./Core/Src/manual.o
                0x0000000008000ed0                fsm_manual
 .text.SCH_Update
                0x00000000080011fc       0xa8 ./Core/Src/scheduler.o
                0x00000000080011fc                SCH_Update
 .text.SCH_Add_Task
                0x00000000080012a4       0x80 ./Core/Src/scheduler.o
                0x00000000080012a4                SCH_Add_Task
 .text.SCH_Dispatch_Tasks
                0x0000000008001324       0x78 ./Core/Src/scheduler.o
                0x0000000008001324                SCH_Dispatch_Tasks
 .text.SCH_Delete_Task
                0x000000000800139c       0x68 ./Core/Src/scheduler.o
                0x000000000800139c                SCH_Delete_Task
 .text.HAL_MspInit
                0x0000000008001404       0x64 ./Core/Src/stm32f1xx_hal_msp.o
                0x0000000008001404                HAL_MspInit
 .text.HAL_TIM_Base_MspInit
                0x0000000008001468       0x48 ./Core/Src/stm32f1xx_hal_msp.o
                0x0000000008001468                HAL_TIM_Base_MspInit
 .text.NMI_Handler
                0x00000000080014b0        0x6 ./Core/Src/stm32f1xx_it.o
                0x00000000080014b0                NMI_Handler
 .text.HardFault_Handler
                0x00000000080014b6        0x6 ./Core/Src/stm32f1xx_it.o
                0x00000000080014b6                HardFault_Handler
 .text.MemManage_Handler
                0x00000000080014bc        0x6 ./Core/Src/stm32f1xx_it.o
                0x00000000080014bc                MemManage_Handler
 .text.BusFault_Handler
                0x00000000080014c2        0x6 ./Core/Src/stm32f1xx_it.o
                0x00000000080014c2                BusFault_Handler
 .text.UsageFault_Handler
                0x00000000080014c8        0x6 ./Core/Src/stm32f1xx_it.o
                0x00000000080014c8                UsageFault_Handler
 .text.SVC_Handler
                0x00000000080014ce        0xc ./Core/Src/stm32f1xx_it.o
                0x00000000080014ce                SVC_Handler
 .text.DebugMon_Handler
                0x00000000080014da        0xc ./Core/Src/stm32f1xx_it.o
                0x00000000080014da                DebugMon_Handler
 .text.PendSV_Handler
                0x00000000080014e6        0xc ./Core/Src/stm32f1xx_it.o
                0x00000000080014e6                PendSV_Handler
 .text.SysTick_Handler
                0x00000000080014f2        0xc ./Core/Src/stm32f1xx_it.o
                0x00000000080014f2                SysTick_Handler
 *fill*         0x00000000080014fe        0x2 
 .text.TIM2_IRQHandler
                0x0000000008001500       0x14 ./Core/Src/stm32f1xx_it.o
                0x0000000008001500                TIM2_IRQHandler
 .text.SystemInit
                0x0000000008001514        0xc ./Core/Src/system_stm32f1xx.o
                0x0000000008001514                SystemInit
 .text.setTimer
                0x0000000008001520       0x3c ./Core/Src/timer.o
                0x0000000008001520                setTimer
 .text.timerRun
                0x000000000800155c       0x60 ./Core/Src/timer.o
                0x000000000800155c                timerRun
 .text.trafficGreenRed
                0x00000000080015bc       0x48 ./Core/Src/traffic_light.o
                0x00000000080015bc                trafficGreenRed
 .text.trafficYellowRed
                0x0000000008001604       0x48 ./Core/Src/traffic_light.o
                0x0000000008001604                trafficYellowRed
 .text.trafficRedGreen
                0x000000000800164c       0x48 ./Core/Src/traffic_light.o
                0x000000000800164c                trafficRedGreen
 .text.trafficRedYellow
                0x0000000008001694       0x48 ./Core/Src/traffic_light.o
                0x0000000008001694                trafficRedYellow
 .text.updateRedTime
                0x00000000080016dc       0x30 ./Core/Src/traffic_light.o
                0x00000000080016dc                updateRedTime
 .text.updateGreenTime
                0x000000000800170c       0x30 ./Core/Src/traffic_light.o
                0x000000000800170c                updateGreenTime
 .text.updateYellowTime
                0x000000000800173c       0x40 ./Core/Src/traffic_light.o
                0x000000000800173c                updateYellowTime
 .text.setRedTime
                0x000000000800177c       0x1c ./Core/Src/traffic_light.o
                0x000000000800177c                setRedTime
 .text.setYellowTime
                0x0000000008001798       0x1c ./Core/Src/traffic_light.o
                0x0000000008001798                setYellowTime
 .text.setGreenTime
                0x00000000080017b4       0x1c ./Core/Src/traffic_light.o
                0x00000000080017b4                setGreenTime
 .text.clearTrafficLight
                0x00000000080017d0       0x48 ./Core/Src/traffic_light.o
                0x00000000080017d0                clearTrafficLight
 .text.blinkRedLed
                0x0000000008001818       0x44 ./Core/Src/traffic_light.o
                0x0000000008001818                blinkRedLed
 .text.blinkYellowLed
                0x000000000800185c       0x44 ./Core/Src/traffic_light.o
                0x000000000800185c                blinkYellowLed
 .text.blinkGreenLed
                0x00000000080018a0       0x44 ./Core/Src/traffic_light.o
                0x00000000080018a0                blinkGreenLed
 .text.blinkAllLed
                0x00000000080018e4       0x3c ./Core/Src/traffic_light.o
                0x00000000080018e4                blinkAllLed
 .text.blinkDot
                0x0000000008001920       0x14 ./Core/Src/traffic_light.o
                0x0000000008001920                blinkDot
 .text.Reset_Handler
                0x0000000008001934       0x48 ./Core/Startup/startup_stm32f103rctx.o
                0x0000000008001934                Reset_Handler
 .text.Default_Handler
                0x000000000800197c        0x2 ./Core/Startup/startup_stm32f103rctx.o
                0x000000000800197c                RTC_Alarm_IRQHandler
                0x000000000800197c                EXTI2_IRQHandler
                0x000000000800197c                TIM8_TRG_COM_IRQHandler
                0x000000000800197c                TIM8_CC_IRQHandler
                0x000000000800197c                TIM1_CC_IRQHandler
                0x000000000800197c                TIM6_IRQHandler
                0x000000000800197c                PVD_IRQHandler
                0x000000000800197c                SDIO_IRQHandler
                0x000000000800197c                EXTI3_IRQHandler
                0x000000000800197c                EXTI0_IRQHandler
                0x000000000800197c                I2C2_EV_IRQHandler
                0x000000000800197c                ADC1_2_IRQHandler
                0x000000000800197c                SPI1_IRQHandler
                0x000000000800197c                TAMPER_IRQHandler
                0x000000000800197c                TIM8_UP_IRQHandler
                0x000000000800197c                DMA2_Channel2_IRQHandler
                0x000000000800197c                DMA1_Channel4_IRQHandler
                0x000000000800197c                USART3_IRQHandler
                0x000000000800197c                RTC_IRQHandler
                0x000000000800197c                DMA1_Channel7_IRQHandler
                0x000000000800197c                CAN1_RX1_IRQHandler
                0x000000000800197c                UART5_IRQHandler
                0x000000000800197c                ADC3_IRQHandler
                0x000000000800197c                TIM4_IRQHandler
                0x000000000800197c                DMA2_Channel1_IRQHandler
                0x000000000800197c                I2C1_EV_IRQHandler
                0x000000000800197c                DMA1_Channel6_IRQHandler
                0x000000000800197c                UART4_IRQHandler
                0x000000000800197c                TIM3_IRQHandler
                0x000000000800197c                RCC_IRQHandler
                0x000000000800197c                TIM1_TRG_COM_IRQHandler
                0x000000000800197c                DMA1_Channel1_IRQHandler
                0x000000000800197c                Default_Handler
                0x000000000800197c                EXTI15_10_IRQHandler
                0x000000000800197c                TIM7_IRQHandler
                0x000000000800197c                TIM5_IRQHandler
                0x000000000800197c                EXTI9_5_IRQHandler
                0x000000000800197c                SPI2_IRQHandler
                0x000000000800197c                DMA1_Channel5_IRQHandler
                0x000000000800197c                EXTI4_IRQHandler
                0x000000000800197c                USB_LP_CAN1_RX0_IRQHandler
                0x000000000800197c                USB_HP_CAN1_TX_IRQHandler
                0x000000000800197c                DMA1_Channel3_IRQHandler
                0x000000000800197c                FSMC_IRQHandler
                0x000000000800197c                TIM1_UP_IRQHandler
                0x000000000800197c                WWDG_IRQHandler
                0x000000000800197c                TIM1_BRK_IRQHandler
                0x000000000800197c                EXTI1_IRQHandler
                0x000000000800197c                DMA2_Channel4_5_IRQHandler
                0x000000000800197c                USART2_IRQHandler
                0x000000000800197c                I2C2_ER_IRQHandler
                0x000000000800197c                DMA1_Channel2_IRQHandler
                0x000000000800197c                TIM8_BRK_IRQHandler
                0x000000000800197c                CAN1_SCE_IRQHandler
                0x000000000800197c                FLASH_IRQHandler
                0x000000000800197c                USART1_IRQHandler
                0x000000000800197c                SPI3_IRQHandler
                0x000000000800197c                I2C1_ER_IRQHandler
                0x000000000800197c                USBWakeUp_IRQHandler
                0x000000000800197c                DMA2_Channel3_IRQHandler
 *fill*         0x000000000800197e        0x2 
 .text.HAL_Init
                0x0000000008001980       0x2c ./Drivers/STM32F1xx_HAL_Driver/Src/stm32f1xx_hal.o
                0x0000000008001980                HAL_Init
 .text.HAL_InitTick
                0x00000000080019ac       0x60 ./Drivers/STM32F1xx_HAL_Driver/Src/stm32f1xx_hal.o
                0x00000000080019ac                HAL_InitTick
 .text.HAL_IncTick
                0x0000000008001a0c       0x24 ./Drivers/STM32F1xx_HAL_Driver/Src/stm32f1xx_hal.o
                0x0000000008001a0c                HAL_IncTick
 .text.HAL_GetTick
                0x0000000008001a30       0x14 ./Drivers/STM32F1xx_HAL_Driver/Src/stm32f1xx_hal.o
                0x0000000008001a30                HAL_GetTick
 .text.__NVIC_SetPriorityGrouping
                0x0000000008001a44       0x48 ./Drivers/STM32F1xx_HAL_Driver/Src/stm32f1xx_hal_cortex.o
 .text.__NVIC_GetPriorityGrouping
                0x0000000008001a8c       0x1c ./Drivers/STM32F1xx_HAL_Driver/Src/stm32f1xx_hal_cortex.o
 .text.__NVIC_EnableIRQ
                0x0000000008001aa8       0x38 ./Drivers/STM32F1xx_HAL_Driver/Src/stm32f1xx_hal_cortex.o
 .text.__NVIC_SetPriority
                0x0000000008001ae0       0x54 ./Drivers/STM32F1xx_HAL_Driver/Src/stm32f1xx_hal_cortex.o
 .text.NVIC_EncodePriority
                0x0000000008001b34       0x64 ./Drivers/STM32F1xx_HAL_Driver/Src/stm32f1xx_hal_cortex.o
 .text.SysTick_Config
                0x0000000008001b98       0x44 ./Drivers/STM32F1xx_HAL_Driver/Src/stm32f1xx_hal_cortex.o
 .text.HAL_NVIC_SetPriorityGrouping
                0x0000000008001bdc       0x16 ./Drivers/STM32F1xx_HAL_Driver/Src/stm32f1xx_hal_cortex.o
                0x0000000008001bdc                HAL_NVIC_SetPriorityGrouping
 .text.HAL_NVIC_SetPriority
                0x0000000008001bf2       0x38 ./Drivers/STM32F1xx_HAL_Driver/Src/stm32f1xx_hal_cortex.o
                0x0000000008001bf2                HAL_NVIC_SetPriority
 .text.HAL_NVIC_EnableIRQ
                0x0000000008001c2a       0x1c ./Drivers/STM32F1xx_HAL_Driver/Src/stm32f1xx_hal_cortex.o
                0x0000000008001c2a                HAL_NVIC_EnableIRQ
 .text.HAL_SYSTICK_Config
                0x0000000008001c46       0x18 ./Drivers/STM32F1xx_HAL_Driver/Src/stm32f1xx_hal_cortex.o
                0x0000000008001c46                HAL_SYSTICK_Config
 *fill*         0x0000000008001c5e        0x2 
 .text.HAL_GPIO_Init
                0x0000000008001c60      0x328 ./Drivers/STM32F1xx_HAL_Driver/Src/stm32f1xx_hal_gpio.o
                0x0000000008001c60                HAL_GPIO_Init
 .text.HAL_GPIO_ReadPin
                0x0000000008001f88       0x2e ./Drivers/STM32F1xx_HAL_Driver/Src/stm32f1xx_hal_gpio.o
                0x0000000008001f88                HAL_GPIO_ReadPin
 .text.HAL_GPIO_WritePin
                0x0000000008001fb6       0x30 ./Drivers/STM32F1xx_HAL_Driver/Src/stm32f1xx_hal_gpio.o
                0x0000000008001fb6                HAL_GPIO_WritePin
 .text.HAL_GPIO_TogglePin
                0x0000000008001fe6       0x32 ./Drivers/STM32F1xx_HAL_Driver/Src/stm32f1xx_hal_gpio.o
                0x0000000008001fe6                HAL_GPIO_TogglePin
 .text.HAL_RCC_OscConfig
                0x0000000008002018      0x504 ./Drivers/STM32F1xx_HAL_Driver/Src/stm32f1xx_hal_rcc.o
                0x0000000008002018                HAL_RCC_OscConfig
 .text.HAL_RCC_ClockConfig
                0x000000000800251c      0x1d4 ./Drivers/STM32F1xx_HAL_Driver/Src/stm32f1xx_hal_rcc.o
                0x000000000800251c                HAL_RCC_ClockConfig
 .text.HAL_RCC_GetSysClockFreq
                0x00000000080026f0       0xa8 ./Drivers/STM32F1xx_HAL_Driver/Src/stm32f1xx_hal_rcc.o
                0x00000000080026f0                HAL_RCC_GetSysClockFreq
 .text.RCC_Delay
                0x0000000008002798       0x3c ./Drivers/STM32F1xx_HAL_Driver/Src/stm32f1xx_hal_rcc.o
 .text.HAL_TIM_Base_Init
                0x00000000080027d4       0x9e ./Drivers/STM32F1xx_HAL_Driver/Src/stm32f1xx_hal_tim.o
                0x00000000080027d4                HAL_TIM_Base_Init
 *fill*         0x0000000008002872        0x2 
 .text.HAL_TIM_Base_Start_IT
                0x0000000008002874       0xc0 ./Drivers/STM32F1xx_HAL_Driver/Src/stm32f1xx_hal_tim.o
                0x0000000008002874                HAL_TIM_Base_Start_IT
 .text.HAL_TIM_IRQHandler
                0x0000000008002934      0x1e0 ./Drivers/STM32F1xx_HAL_Driver/Src/stm32f1xx_hal_tim.o
                0x0000000008002934                HAL_TIM_IRQHandler
 .text.HAL_TIM_ConfigClockSource
                0x0000000008002b14      0x18e ./Drivers/STM32F1xx_HAL_Driver/Src/stm32f1xx_hal_tim.o
                0x0000000008002b14                HAL_TIM_ConfigClockSource
 .text.HAL_TIM_OC_DelayElapsedCallback
                0x0000000008002ca2       0x12 ./Drivers/STM32F1xx_HAL_Driver/Src/stm32f1xx_hal_tim.o
                0x0000000008002ca2                HAL_TIM_OC_DelayElapsedCallback
 .text.HAL_TIM_IC_CaptureCallback
                0x0000000008002cb4       0x12 ./Drivers/STM32F1xx_HAL_Driver/Src/stm32f1xx_hal_tim.o
                0x0000000008002cb4                HAL_TIM_IC_CaptureCallback
 .text.HAL_TIM_PWM_PulseFinishedCallback
                0x0000000008002cc6       0x12 ./Drivers/STM32F1xx_HAL_Driver/Src/stm32f1xx_hal_tim.o
                0x0000000008002cc6                HAL_TIM_PWM_PulseFinishedCallback
 .text.HAL_TIM_TriggerCallback
                0x0000000008002cd8       0x12 ./Drivers/STM32F1xx_HAL_Driver/Src/stm32f1xx_hal_tim.o
                0x0000000008002cd8                HAL_TIM_TriggerCallback
 *fill*         0x0000000008002cea        0x2 
 .text.TIM_Base_SetConfig
                0x0000000008002cec      0x10c ./Drivers/STM32F1xx_HAL_Driver/Src/stm32f1xx_hal_tim.o
                0x0000000008002cec                TIM_Base_SetConfig
 .text.TIM_TI1_ConfigInputStage
                0x0000000008002df8       0x5c ./Drivers/STM32F1xx_HAL_Driver/Src/stm32f1xx_hal_tim.o
 .text.TIM_TI2_ConfigInputStage
                0x0000000008002e54       0x5e ./Drivers/STM32F1xx_HAL_Driver/Src/stm32f1xx_hal_tim.o
 .text.TIM_ITRx_SetConfig
                0x0000000008002eb2       0x34 ./Drivers/STM32F1xx_HAL_Driver/Src/stm32f1xx_hal_tim.o
 .text.TIM_ETR_SetConfig
                0x0000000008002ee6       0x3e ./Drivers/STM32F1xx_HAL_Driver/Src/stm32f1xx_hal_tim.o
                0x0000000008002ee6                TIM_ETR_SetConfig
 .text.HAL_TIMEx_MasterConfigSynchronization
                0x0000000008002f24       0xd8 ./Drivers/STM32F1xx_HAL_Driver/Src/stm32f1xx_hal_tim_ex.o
                0x0000000008002f24                HAL_TIMEx_MasterConfigSynchronization
 .text.HAL_TIMEx_CommutCallback
                0x0000000008002ffc       0x12 ./Drivers/STM32F1xx_HAL_Driver/Src/stm32f1xx_hal_tim_ex.o
                0x0000000008002ffc                HAL_TIMEx_CommutCallback
 .text.HAL_TIMEx_BreakCallback
                0x000000000800300e       0x12 ./Drivers/STM32F1xx_HAL_Driver/Src/stm32f1xx_hal_tim_ex.o
                0x000000000800300e                HAL_TIMEx_BreakCallback
 .text.memset   0x0000000008003020       0x10 C:/ST/STM32CubeIDE_1.14.1/STM32CubeIDE/plugins/com.st.stm32cube.ide.mcu.externaltools.gnu-tools-for-stm32.11.3.rel1.win32_1.1.100.202309141235/tools/bin/../lib/gcc/arm-none-eabi/11.3.1/../../../../arm-none-eabi/lib/thumb/v7-m/nofp\libc_nano.a(libc_a-memset.o)
                0x0000000008003020                memset
 .text.__libc_init_array
                0x0000000008003030       0x48 C:/ST/STM32CubeIDE_1.14.1/STM32CubeIDE/plugins/com.st.stm32cube.ide.mcu.externaltools.gnu-tools-for-stm32.11.3.rel1.win32_1.1.100.202309141235/tools/bin/../lib/gcc/arm-none-eabi/11.3.1/../../../../arm-none-eabi/lib/thumb/v7-m/nofp\libc_nano.a(libc_a-init.o)
                0x0000000008003030                __libc_init_array
 *(.glue_7)
 .glue_7        0x0000000008003078        0x0 linker stubs
 *(.glue_7t)
 .glue_7t       0x0000000008003078        0x0 linker stubs
 *(.eh_frame)
 .eh_frame      0x0000000008003078        0x0 C:/ST/STM32CubeIDE_1.14.1/STM32CubeIDE/plugins/com.st.stm32cube.ide.mcu.externaltools.gnu-tools-for-stm32.11.3.rel1.win32_1.1.100.202309141235/tools/bin/../lib/gcc/arm-none-eabi/11.3.1/thumb/v7-m/nofp/crtbegin.o
 *(.init)
 .init          0x0000000008003078        0x4 C:/ST/STM32CubeIDE_1.14.1/STM32CubeIDE/plugins/com.st.stm32cube.ide.mcu.externaltools.gnu-tools-for-stm32.11.3.rel1.win32_1.1.100.202309141235/tools/bin/../lib/gcc/arm-none-eabi/11.3.1/thumb/v7-m/nofp/crti.o
                0x0000000008003078                _init
 .init          0x000000000800307c        0x8 C:/ST/STM32CubeIDE_1.14.1/STM32CubeIDE/plugins/com.st.stm32cube.ide.mcu.externaltools.gnu-tools-for-stm32.11.3.rel1.win32_1.1.100.202309141235/tools/bin/../lib/gcc/arm-none-eabi/11.3.1/thumb/v7-m/nofp/crtn.o
 *(.fini)
 .fini          0x0000000008003084        0x4 C:/ST/STM32CubeIDE_1.14.1/STM32CubeIDE/plugins/com.st.stm32cube.ide.mcu.externaltools.gnu-tools-for-stm32.11.3.rel1.win32_1.1.100.202309141235/tools/bin/../lib/gcc/arm-none-eabi/11.3.1/thumb/v7-m/nofp/crti.o
                0x0000000008003084                _fini
 .fini          0x0000000008003088        0x8 C:/ST/STM32CubeIDE_1.14.1/STM32CubeIDE/plugins/com.st.stm32cube.ide.mcu.externaltools.gnu-tools-for-stm32.11.3.rel1.win32_1.1.100.202309141235/tools/bin/../lib/gcc/arm-none-eabi/11.3.1/thumb/v7-m/nofp/crtn.o
                0x0000000008003090                . = ALIGN (0x4)
                0x0000000008003090                _etext = .

.vfp11_veneer   0x0000000008003090        0x0
 .vfp11_veneer  0x0000000008003090        0x0 linker stubs

.v4_bx          0x0000000008003090        0x0
 .v4_bx         0x0000000008003090        0x0 linker stubs

.iplt           0x0000000008003090        0x0
 .iplt          0x0000000008003090        0x0 C:/ST/STM32CubeIDE_1.14.1/STM32CubeIDE/plugins/com.st.stm32cube.ide.mcu.externaltools.gnu-tools-for-stm32.11.3.rel1.win32_1.1.100.202309141235/tools/bin/../lib/gcc/arm-none-eabi/11.3.1/thumb/v7-m/nofp/crtbegin.o

.rodata         0x0000000008003090       0x24
                0x0000000008003090                . = ALIGN (0x4)
 *(.rodata)
 *(.rodata*)
 .rodata.AHBPrescTable
                0x0000000008003090       0x10 ./Core/Src/system_stm32f1xx.o
                0x0000000008003090                AHBPrescTable
 .rodata.aPLLMULFactorTable.1
                0x00000000080030a0       0x10 ./Drivers/STM32F1xx_HAL_Driver/Src/stm32f1xx_hal_rcc.o
 .rodata.aPredivFactorTable.0
                0x00000000080030b0        0x2 ./Drivers/STM32F1xx_HAL_Driver/Src/stm32f1xx_hal_rcc.o
                0x00000000080030b4                . = ALIGN (0x4)
 *fill*         0x00000000080030b2        0x2 

.rel.dyn        0x00000000080030b4        0x0
 .rel.iplt      0x00000000080030b4        0x0 C:/ST/STM32CubeIDE_1.14.1/STM32CubeIDE/plugins/com.st.stm32cube.ide.mcu.externaltools.gnu-tools-for-stm32.11.3.rel1.win32_1.1.100.202309141235/tools/bin/../lib/gcc/arm-none-eabi/11.3.1/thumb/v7-m/nofp/crtbegin.o

.ARM.extab      0x00000000080030b4        0x0
                0x00000000080030b4                . = ALIGN (0x4)
 *(.ARM.extab* .gnu.linkonce.armextab.*)
                0x00000000080030b4                . = ALIGN (0x4)

.ARM            0x00000000080030b4        0x0
                0x00000000080030b4                . = ALIGN (0x4)
                0x00000000080030b4                __exidx_start = .
 *(.ARM.exidx*)
                0x00000000080030b4                __exidx_end = .
                0x00000000080030b4                . = ALIGN (0x4)

.preinit_array  0x00000000080030b4        0x0
                0x00000000080030b4                . = ALIGN (0x4)
                0x00000000080030b4                PROVIDE (__preinit_array_start = .)
 *(.preinit_array*)
                0x00000000080030b4                PROVIDE (__preinit_array_end = .)
                0x00000000080030b4                . = ALIGN (0x4)

.init_array     0x00000000080030b4        0x4
                0x00000000080030b4                . = ALIGN (0x4)
                0x00000000080030b4                PROVIDE (__init_array_start = .)
 *(SORT_BY_NAME(.init_array.*))
 *(.init_array*)
 .init_array    0x00000000080030b4        0x4 C:/ST/STM32CubeIDE_1.14.1/STM32CubeIDE/plugins/com.st.stm32cube.ide.mcu.externaltools.gnu-tools-for-stm32.11.3.rel1.win32_1.1.100.202309141235/tools/bin/../lib/gcc/arm-none-eabi/11.3.1/thumb/v7-m/nofp/crtbegin.o
                0x00000000080030b8                PROVIDE (__init_array_end = .)
                0x00000000080030b8                . = ALIGN (0x4)

.fini_array     0x00000000080030b8        0x4
                0x00000000080030b8                . = ALIGN (0x4)
                [!provide]                        PROVIDE (__fini_array_start = .)
 *(SORT_BY_NAME(.fini_array.*))
 *(.fini_array*)
 .fini_array    0x00000000080030b8        0x4 C:/ST/STM32CubeIDE_1.14.1/STM32CubeIDE/plugins/com.st.stm32cube.ide.mcu.externaltools.gnu-tools-for-stm32.11.3.rel1.win32_1.1.100.202309141235/tools/bin/../lib/gcc/arm-none-eabi/11.3.1/thumb/v7-m/nofp/crtbegin.o
                [!provide]                        PROVIDE (__fini_array_end = .)
                0x00000000080030bc                . = ALIGN (0x4)
                0x00000000080030bc                _sidata = LOADADDR (.data)

.data           0x0000000020000000       0x2c load address 0x00000000080030bc
                0x0000000020000000                . = ALIGN (0x4)
                0x0000000020000000                _sdata = .
 *(.data)
 *(.data*)
 .data.led_buffer
                0x0000000020000000       0x10 ./Core/Src/7seg.o
                0x0000000020000000                led_buffer
 .data.SystemCoreClock
                0x0000000020000010        0x4 ./Core/Src/system_stm32f1xx.o
                0x0000000020000010                SystemCoreClock
 .data.TIMER_CYCLE
                0x0000000020000014        0x4 ./Core/Src/timer.o
                0x0000000020000014                TIMER_CYCLE
 .data.redTime  0x0000000020000018        0x4 ./Core/Src/traffic_light.o
                0x0000000020000018                redTime
 .data.yellowTime
                0x000000002000001c        0x4 ./Core/Src/traffic_light.o
                0x000000002000001c                yellowTime
 .data.greenTime
                0x0000000020000020        0x4 ./Core/Src/traffic_light.o
                0x0000000020000020                greenTime
 .data.uwTickPrio
                0x0000000020000024        0x4 ./Drivers/STM32F1xx_HAL_Driver/Src/stm32f1xx_hal.o
                0x0000000020000024                uwTickPrio
 .data.uwTickFreq
                0x0000000020000028        0x1 ./Drivers/STM32F1xx_HAL_Driver/Src/stm32f1xx_hal.o
                0x0000000020000028                uwTickFreq
 *(.RamFunc)
 *(.RamFunc*)
                0x000000002000002c                . = ALIGN (0x4)
 *fill*         0x0000000020000029        0x3 
                0x000000002000002c                _edata = .

.igot.plt       0x000000002000002c        0x0 load address 0x00000000080030e8
 .igot.plt      0x000000002000002c        0x0 C:/ST/STM32CubeIDE_1.14.1/STM32CubeIDE/plugins/com.st.stm32cube.ide.mcu.externaltools.gnu-tools-for-stm32.11.3.rel1.win32_1.1.100.202309141235/tools/bin/../lib/gcc/arm-none-eabi/11.3.1/thumb/v7-m/nofp/crtbegin.o
                0x000000002000002c                . = ALIGN (0x4)

.bss            0x000000002000002c      0x498 load address 0x00000000080030e8
                0x000000002000002c                _sbss = .
                0x000000002000002c                __bss_start__ = _sbss
 *(.bss)
 .bss           0x000000002000002c       0x1c C:/ST/STM32CubeIDE_1.14.1/STM32CubeIDE/plugins/com.st.stm32cube.ide.mcu.externaltools.gnu-tools-for-stm32.11.3.rel1.win32_1.1.100.202309141235/tools/bin/../lib/gcc/arm-none-eabi/11.3.1/thumb/v7-m/nofp/crtbegin.o
 *(.bss*)
 .bss.idx       0x0000000020000048        0x4 ./Core/Src/7seg.o
                0x0000000020000048                idx
 .bss.countdownX
                0x000000002000004c        0x4 ./Core/Src/automatic.o
                0x000000002000004c                countdownX
 .bss.countdownY
                0x0000000020000050        0x4 ./Core/Src/automatic.o
                0x0000000020000050                countdownY
 .bss.KeyReg0   0x0000000020000054       0x28 ./Core/Src/button.o
                0x0000000020000054                KeyReg0
 .bss.KeyReg1   0x000000002000007c       0x28 ./Core/Src/button.o
                0x000000002000007c                KeyReg1
 .bss.KeyReg2   0x00000000200000a4       0x28 ./Core/Src/button.o
                0x00000000200000a4                KeyReg2
 .bss.KeyReg3   0x00000000200000cc       0x28 ./Core/Src/button.o
                0x00000000200000cc                KeyReg3
 .bss.TimeOutForKeyPress
                0x00000000200000f4       0x28 ./Core/Src/button.o
                0x00000000200000f4                TimeOutForKeyPress
 .bss.button_pressed
                0x000000002000011c       0x28 ./Core/Src/button.o
                0x000000002000011c                button_pressed
 .bss.button_long_pressed
                0x0000000020000144       0x28 ./Core/Src/button.o
                0x0000000020000144                button_long_pressed
 .bss.button_flag
                0x000000002000016c       0x28 ./Core/Src/button.o
                0x000000002000016c                button_flag
 .bss.status    0x0000000020000194        0x4 ./Core/Src/global.o
                0x0000000020000194                status
 .bss.htim2     0x0000000020000198       0x48 ./Core/Src/main.o
                0x0000000020000198                htim2
 .bss.mode      0x00000000200001e0        0x4 ./Core/Src/manual.o
                0x00000000200001e0                mode
 .bss.redValue  0x00000000200001e4        0x4 ./Core/Src/manual.o
                0x00000000200001e4                redValue
 .bss.yellowValue
                0x00000000200001e8        0x4 ./Core/Src/manual.o
                0x00000000200001e8                yellowValue
 .bss.greenValue
                0x00000000200001ec        0x4 ./Core/Src/manual.o
                0x00000000200001ec                greenValue
 .bss.SCH_tasks_G
                0x00000000200001f0      0x280 ./Core/Src/scheduler.o
                0x00000000200001f0                SCH_tasks_G
 .bss.timer_flag
                0x0000000020000470       0x28 ./Core/Src/timer.o
                0x0000000020000470                timer_flag
 .bss.timer_counter
                0x0000000020000498       0x28 ./Core/Src/timer.o
                0x0000000020000498                timer_counter
 .bss.uwTick    0x00000000200004c0        0x4 ./Drivers/STM32F1xx_HAL_Driver/Src/stm32f1xx_hal.o
                0x00000000200004c0                uwTick
 *(COMMON)
                0x00000000200004c4                . = ALIGN (0x4)
                0x00000000200004c4                _ebss = .
                0x00000000200004c4                __bss_end__ = _ebss

._user_heap_stack
                0x00000000200004c4      0x604 load address 0x00000000080030e8
                0x00000000200004c8                . = ALIGN (0x8)
 *fill*         0x00000000200004c4        0x4 
                [!provide]                        PROVIDE (end = .)
                0x00000000200004c8                PROVIDE (_end = .)
                0x00000000200006c8                . = (. + _Min_Heap_Size)
 *fill*         0x00000000200004c8      0x200 
                0x0000000020000ac8                . = (. + _Min_Stack_Size)
 *fill*         0x00000000200006c8      0x400 
                0x0000000020000ac8                . = ALIGN (0x8)

/DISCARD/
 libc.a(*)
 libm.a(*)
 libgcc.a(*)

.ARM.attributes
                0x0000000000000000       0x29
 *(.ARM.attributes)
 .ARM.attributes
                0x0000000000000000       0x1d C:/ST/STM32CubeIDE_1.14.1/STM32CubeIDE/plugins/com.st.stm32cube.ide.mcu.externaltools.gnu-tools-for-stm32.11.3.rel1.win32_1.1.100.202309141235/tools/bin/../lib/gcc/arm-none-eabi/11.3.1/thumb/v7-m/nofp/crti.o
 .ARM.attributes
                0x000000000000001d       0x2d C:/ST/STM32CubeIDE_1.14.1/STM32CubeIDE/plugins/com.st.stm32cube.ide.mcu.externaltools.gnu-tools-for-stm32.11.3.rel1.win32_1.1.100.202309141235/tools/bin/../lib/gcc/arm-none-eabi/11.3.1/thumb/v7-m/nofp/crtbegin.o
 .ARM.attributes
                0x000000000000004a       0x2d ./Core/Src/7seg.o
 .ARM.attributes
                0x0000000000000077       0x2d ./Core/Src/automatic.o
 .ARM.attributes
                0x00000000000000a4       0x2d ./Core/Src/button.o
 .ARM.attributes
                0x00000000000000d1       0x2d ./Core/Src/global.o
 .ARM.attributes
                0x00000000000000fe       0x2d ./Core/Src/main.o
 .ARM.attributes
                0x000000000000012b       0x2d ./Core/Src/manual.o
 .ARM.attributes
                0x0000000000000158       0x2d ./Core/Src/scheduler.o
 .ARM.attributes
                0x0000000000000185       0x2d ./Core/Src/stm32f1xx_hal_msp.o
 .ARM.attributes
                0x00000000000001b2       0x2d ./Core/Src/stm32f1xx_it.o
 .ARM.attributes
                0x00000000000001df       0x2d ./Core/Src/system_stm32f1xx.o
 .ARM.attributes
                0x000000000000020c       0x2d ./Core/Src/timer.o
 .ARM.attributes
                0x0000000000000239       0x2d ./Core/Src/traffic_light.o
 .ARM.attributes
                0x0000000000000266       0x21 ./Core/Startup/startup_stm32f103rctx.o
 .ARM.attributes
                0x0000000000000287       0x2d ./Drivers/STM32F1xx_HAL_Driver/Src/stm32f1xx_hal.o
 .ARM.attributes
                0x00000000000002b4       0x2d ./Drivers/STM32F1xx_HAL_Driver/Src/stm32f1xx_hal_cortex.o
 .ARM.attributes
                0x00000000000002e1       0x2d ./Drivers/STM32F1xx_HAL_Driver/Src/stm32f1xx_hal_gpio.o
 .ARM.attributes
                0x000000000000030e       0x2d ./Drivers/STM32F1xx_HAL_Driver/Src/stm32f1xx_hal_rcc.o
 .ARM.attributes
                0x000000000000033b       0x2d ./Drivers/STM32F1xx_HAL_Driver/Src/stm32f1xx_hal_tim.o
 .ARM.attributes
                0x0000000000000368       0x2d ./Drivers/STM32F1xx_HAL_Driver/Src/stm32f1xx_hal_tim_ex.o
 .ARM.attributes
                0x0000000000000395       0x2d C:/ST/STM32CubeIDE_1.14.1/STM32CubeIDE/plugins/com.st.stm32cube.ide.mcu.externaltools.gnu-tools-for-stm32.11.3.rel1.win32_1.1.100.202309141235/tools/bin/../lib/gcc/arm-none-eabi/11.3.1/../../../../arm-none-eabi/lib/thumb/v7-m/nofp\libc_nano.a(libc_a-memset.o)
 .ARM.attributes
                0x00000000000003c2       0x2d C:/ST/STM32CubeIDE_1.14.1/STM32CubeIDE/plugins/com.st.stm32cube.ide.mcu.externaltools.gnu-tools-for-stm32.11.3.rel1.win32_1.1.100.202309141235/tools/bin/../lib/gcc/arm-none-eabi/11.3.1/../../../../arm-none-eabi/lib/thumb/v7-m/nofp\libc_nano.a(libc_a-init.o)
 .ARM.attributes
                0x00000000000003ef       0x1d C:/ST/STM32CubeIDE_1.14.1/STM32CubeIDE/plugins/com.st.stm32cube.ide.mcu.externaltools.gnu-tools-for-stm32.11.3.rel1.win32_1.1.100.202309141235/tools/bin/../lib/gcc/arm-none-eabi/11.3.1/thumb/v7-m/nofp/crtn.o
OUTPUT(RCT6_lab2.elf elf32-littlearm)
LOAD linker stubs
LOAD C:/ST/STM32CubeIDE_1.14.1/STM32CubeIDE/plugins/com.st.stm32cube.ide.mcu.externaltools.gnu-tools-for-stm32.11.3.rel1.win32_1.1.100.202309141235/tools/bin/../lib/gcc/arm-none-eabi/11.3.1/../../../../arm-none-eabi/lib/thumb/v7-m/nofp\libc.a
LOAD C:/ST/STM32CubeIDE_1.14.1/STM32CubeIDE/plugins/com.st.stm32cube.ide.mcu.externaltools.gnu-tools-for-stm32.11.3.rel1.win32_1.1.100.202309141235/tools/bin/../lib/gcc/arm-none-eabi/11.3.1/../../../../arm-none-eabi/lib/thumb/v7-m/nofp\libm.a
LOAD C:/ST/STM32CubeIDE_1.14.1/STM32CubeIDE/plugins/com.st.stm32cube.ide.mcu.externaltools.gnu-tools-for-stm32.11.3.rel1.win32_1.1.100.202309141235/tools/bin/../lib/gcc/arm-none-eabi/11.3.1/thumb/v7-m/nofp\libgcc.a

.comment        0x0000000000000000       0x43
 .comment       0x0000000000000000       0x43 C:/ST/STM32CubeIDE_1.14.1/STM32CubeIDE/plugins/com.st.stm32cube.ide.mcu.externaltools.gnu-tools-for-stm32.11.3.rel1.win32_1.1.100.202309141235/tools/bin/../lib/gcc/arm-none-eabi/11.3.1/thumb/v7-m/nofp/crtbegin.o
                                         0x44 (size before relaxing)
 .comment       0x0000000000000043       0x44 ./Core/Src/7seg.o
 .comment       0x0000000000000043       0x44 ./Core/Src/automatic.o
 .comment       0x0000000000000043       0x44 ./Core/Src/button.o
 .comment       0x0000000000000043       0x44 ./Core/Src/global.o
 .comment       0x0000000000000043       0x44 ./Core/Src/main.o
 .comment       0x0000000000000043       0x44 ./Core/Src/manual.o
 .comment       0x0000000000000043       0x44 ./Core/Src/scheduler.o
 .comment       0x0000000000000043       0x44 ./Core/Src/stm32f1xx_hal_msp.o
 .comment       0x0000000000000043       0x44 ./Core/Src/stm32f1xx_it.o
 .comment       0x0000000000000043       0x44 ./Core/Src/system_stm32f1xx.o
 .comment       0x0000000000000043       0x44 ./Core/Src/timer.o
 .comment       0x0000000000000043       0x44 ./Core/Src/traffic_light.o
 .comment       0x0000000000000043       0x44 ./Drivers/STM32F1xx_HAL_Driver/Src/stm32f1xx_hal.o
 .comment       0x0000000000000043       0x44 ./Drivers/STM32F1xx_HAL_Driver/Src/stm32f1xx_hal_cortex.o
 .comment       0x0000000000000043       0x44 ./Drivers/STM32F1xx_HAL_Driver/Src/stm32f1xx_hal_gpio.o
 .comment       0x0000000000000043       0x44 ./Drivers/STM32F1xx_HAL_Driver/Src/stm32f1xx_hal_rcc.o
 .comment       0x0000000000000043       0x44 ./Drivers/STM32F1xx_HAL_Driver/Src/stm32f1xx_hal_tim.o
 .comment       0x0000000000000043       0x44 ./Drivers/STM32F1xx_HAL_Driver/Src/stm32f1xx_hal_tim_ex.o

.debug_info     0x0000000000000000     0x8d15
 .debug_info    0x0000000000000000      0x2ce ./Core/Src/7seg.o
 .debug_info    0x00000000000002ce      0x184 ./Core/Src/automatic.o
 .debug_info    0x0000000000000452      0x31e ./Core/Src/button.o
 .debug_info    0x0000000000000770       0xf4 ./Core/Src/global.o
 .debug_info    0x0000000000000864      0xc17 ./Core/Src/main.o
 .debug_info    0x000000000000147b      0x209 ./Core/Src/manual.o
 .debug_info    0x0000000000001684      0x218 ./Core/Src/scheduler.o
 .debug_info    0x000000000000189c      0x99e ./Core/Src/stm32f1xx_hal_msp.o
 .debug_info    0x000000000000223a      0x6a1 ./Core/Src/stm32f1xx_it.o
 .debug_info    0x00000000000028db      0x222 ./Core/Src/system_stm32f1xx.o
 .debug_info    0x0000000000002afd      0x13a ./Core/Src/timer.o
 .debug_info    0x0000000000002c37      0x2f0 ./Core/Src/traffic_light.o
 .debug_info    0x0000000000002f27       0x23 ./Core/Startup/startup_stm32f103rctx.o
 .debug_info    0x0000000000002f4a      0x76a ./Drivers/STM32F1xx_HAL_Driver/Src/stm32f1xx_hal.o
 .debug_info    0x00000000000036b4      0xaed ./Drivers/STM32F1xx_HAL_Driver/Src/stm32f1xx_hal_cortex.o
 .debug_info    0x00000000000041a1      0x5ab ./Drivers/STM32F1xx_HAL_Driver/Src/stm32f1xx_hal_gpio.o
 .debug_info    0x000000000000474c      0x7d5 ./Drivers/STM32F1xx_HAL_Driver/Src/stm32f1xx_hal_rcc.o
 .debug_info    0x0000000000004f21     0x2959 ./Drivers/STM32F1xx_HAL_Driver/Src/stm32f1xx_hal_tim.o
 .debug_info    0x000000000000787a     0x149b ./Drivers/STM32F1xx_HAL_Driver/Src/stm32f1xx_hal_tim_ex.o

.debug_abbrev   0x0000000000000000     0x1ea5
 .debug_abbrev  0x0000000000000000      0x176 ./Core/Src/7seg.o
 .debug_abbrev  0x0000000000000176       0xc4 ./Core/Src/automatic.o
 .debug_abbrev  0x000000000000023a      0x1c2 ./Core/Src/button.o
 .debug_abbrev  0x00000000000003fc       0xbf ./Core/Src/global.o
 .debug_abbrev  0x00000000000004bb      0x2b9 ./Core/Src/main.o
 .debug_abbrev  0x0000000000000774       0xc4 ./Core/Src/manual.o
 .debug_abbrev  0x0000000000000838      0x146 ./Core/Src/scheduler.o
 .debug_abbrev  0x000000000000097e      0x1ad ./Core/Src/stm32f1xx_hal_msp.o
 .debug_abbrev  0x0000000000000b2b      0x191 ./Core/Src/stm32f1xx_it.o
 .debug_abbrev  0x0000000000000cbc      0x13f ./Core/Src/system_stm32f1xx.o
 .debug_abbrev  0x0000000000000dfb       0xd9 ./Core/Src/timer.o
 .debug_abbrev  0x0000000000000ed4      0x150 ./Core/Src/traffic_light.o
 .debug_abbrev  0x0000000000001024       0x12 ./Core/Startup/startup_stm32f103rctx.o
 .debug_abbrev  0x0000000000001036      0x201 ./Drivers/STM32F1xx_HAL_Driver/Src/stm32f1xx_hal.o
 .debug_abbrev  0x0000000000001237      0x2f8 ./Drivers/STM32F1xx_HAL_Driver/Src/stm32f1xx_hal_cortex.o
 .debug_abbrev  0x000000000000152f      0x1ca ./Drivers/STM32F1xx_HAL_Driver/Src/stm32f1xx_hal_gpio.o
 .debug_abbrev  0x00000000000016f9      0x2b3 ./Drivers/STM32F1xx_HAL_Driver/Src/stm32f1xx_hal_rcc.o
 .debug_abbrev  0x00000000000019ac      0x277 ./Drivers/STM32F1xx_HAL_Driver/Src/stm32f1xx_hal_tim.o
 .debug_abbrev  0x0000000000001c23      0x282 ./Drivers/STM32F1xx_HAL_Driver/Src/stm32f1xx_hal_tim_ex.o

.debug_aranges  0x0000000000000000      0xb28
 .debug_aranges
                0x0000000000000000       0x58 ./Core/Src/7seg.o
 .debug_aranges
                0x0000000000000058       0x20 ./Core/Src/automatic.o
 .debug_aranges
                0x0000000000000078       0x40 ./Core/Src/button.o
 .debug_aranges
                0x00000000000000b8       0x20 ./Core/Src/global.o
 .debug_aranges
                0x00000000000000d8       0x48 ./Core/Src/main.o
 .debug_aranges
                0x0000000000000120       0x20 ./Core/Src/manual.o
 .debug_aranges
                0x0000000000000140       0x40 ./Core/Src/scheduler.o
 .debug_aranges
                0x0000000000000180       0x30 ./Core/Src/stm32f1xx_hal_msp.o
 .debug_aranges
                0x00000000000001b0       0x68 ./Core/Src/stm32f1xx_it.o
 .debug_aranges
                0x0000000000000218       0x28 ./Core/Src/system_stm32f1xx.o
 .debug_aranges
                0x0000000000000240       0x28 ./Core/Src/timer.o
 .debug_aranges
                0x0000000000000268       0x98 ./Core/Src/traffic_light.o
 .debug_aranges
                0x0000000000000300       0x28 ./Core/Startup/startup_stm32f103rctx.o
 .debug_aranges
                0x0000000000000328       0xe0 ./Drivers/STM32F1xx_HAL_Driver/Src/stm32f1xx_hal.o
 .debug_aranges
                0x0000000000000408      0x100 ./Drivers/STM32F1xx_HAL_Driver/Src/stm32f1xx_hal_cortex.o
 .debug_aranges
                0x0000000000000508       0x58 ./Drivers/STM32F1xx_HAL_Driver/Src/stm32f1xx_hal_gpio.o
 .debug_aranges
                0x0000000000000560       0x90 ./Drivers/STM32F1xx_HAL_Driver/Src/stm32f1xx_hal_rcc.o
 .debug_aranges
                0x00000000000005f0      0x3d0 ./Drivers/STM32F1xx_HAL_Driver/Src/stm32f1xx_hal_tim.o
 .debug_aranges
                0x00000000000009c0      0x168 ./Drivers/STM32F1xx_HAL_Driver/Src/stm32f1xx_hal_tim_ex.o

.debug_rnglists
                0x0000000000000000      0x873
 .debug_rnglists
                0x0000000000000000       0x40 ./Core/Src/7seg.o
 .debug_rnglists
                0x0000000000000040       0x14 ./Core/Src/automatic.o
 .debug_rnglists
                0x0000000000000054       0x2d ./Core/Src/button.o
 .debug_rnglists
                0x0000000000000081       0x14 ./Core/Src/global.o
 .debug_rnglists
                0x0000000000000095       0x34 ./Core/Src/main.o
 .debug_rnglists
                0x00000000000000c9       0x14 ./Core/Src/manual.o
 .debug_rnglists
                0x00000000000000dd       0x2d ./Core/Src/scheduler.o
 .debug_rnglists
                0x000000000000010a       0x1f ./Core/Src/stm32f1xx_hal_msp.o
 .debug_rnglists
                0x0000000000000129       0x49 ./Core/Src/stm32f1xx_it.o
 .debug_rnglists
                0x0000000000000172       0x1a ./Core/Src/system_stm32f1xx.o
 .debug_rnglists
                0x000000000000018c       0x19 ./Core/Src/timer.o
 .debug_rnglists
                0x00000000000001a5       0x6d ./Core/Src/traffic_light.o
 .debug_rnglists
                0x0000000000000212       0x19 ./Core/Startup/startup_stm32f103rctx.o
 .debug_rnglists
                0x000000000000022b       0xa3 ./Drivers/STM32F1xx_HAL_Driver/Src/stm32f1xx_hal.o
 .debug_rnglists
                0x00000000000002ce       0xbb ./Drivers/STM32F1xx_HAL_Driver/Src/stm32f1xx_hal_cortex.o
 .debug_rnglists
                0x0000000000000389       0x3f ./Drivers/STM32F1xx_HAL_Driver/Src/stm32f1xx_hal_gpio.o
 .debug_rnglists
                0x00000000000003c8       0x6c ./Drivers/STM32F1xx_HAL_Driver/Src/stm32f1xx_hal_rcc.o
 .debug_rnglists
                0x0000000000000434      0x31a ./Drivers/STM32F1xx_HAL_Driver/Src/stm32f1xx_hal_tim.o
 .debug_rnglists
                0x000000000000074e      0x125 ./Drivers/STM32F1xx_HAL_Driver/Src/stm32f1xx_hal_tim_ex.o

.debug_macro    0x0000000000000000    0x1a073
 .debug_macro   0x0000000000000000      0x1bc ./Core/Src/7seg.o
 .debug_macro   0x00000000000001bc      0xa9c ./Core/Src/7seg.o
 .debug_macro   0x0000000000000c58      0x215 ./Core/Src/7seg.o
 .debug_macro   0x0000000000000e6d       0x2e ./Core/Src/7seg.o
 .debug_macro   0x0000000000000e9b       0x22 ./Core/Src/7seg.o
 .debug_macro   0x0000000000000ebd       0x22 ./Core/Src/7seg.o
 .debug_macro   0x0000000000000edf       0x8e ./Core/Src/7seg.o
 .debug_macro   0x0000000000000f6d       0x51 ./Core/Src/7seg.o
 .debug_macro   0x0000000000000fbe      0x103 ./Core/Src/7seg.o
 .debug_macro   0x00000000000010c1       0x6a ./Core/Src/7seg.o
 .debug_macro   0x000000000000112b      0x1df ./Core/Src/7seg.o
 .debug_macro   0x000000000000130a       0x1c ./Core/Src/7seg.o
 .debug_macro   0x0000000000001326       0x22 ./Core/Src/7seg.o
 .debug_macro   0x0000000000001348       0xbd ./Core/Src/7seg.o
 .debug_macro   0x0000000000001405      0xd23 ./Core/Src/7seg.o
 .debug_macro   0x0000000000002128     0xfd8c ./Core/Src/7seg.o
 .debug_macro   0x0000000000011eb4       0x6d ./Core/Src/7seg.o
 .debug_macro   0x0000000000011f21     0x34a2 ./Core/Src/7seg.o
 .debug_macro   0x00000000000153c3      0x174 ./Core/Src/7seg.o
 .debug_macro   0x0000000000015537       0x5c ./Core/Src/7seg.o
 .debug_macro   0x0000000000015593      0x5bc ./Core/Src/7seg.o
 .debug_macro   0x0000000000015b4f      0x4d5 ./Core/Src/7seg.o
 .debug_macro   0x0000000000016024      0x1cb ./Core/Src/7seg.o
 .debug_macro   0x00000000000161ef      0x114 ./Core/Src/7seg.o
 .debug_macro   0x0000000000016303      0x1ea ./Core/Src/7seg.o
 .debug_macro   0x00000000000164ed       0x27 ./Core/Src/7seg.o
 .debug_macro   0x0000000000016514      0x144 ./Core/Src/7seg.o
 .debug_macro   0x0000000000016658      0x1bc ./Core/Src/7seg.o
 .debug_macro   0x0000000000016814       0x30 ./Core/Src/7seg.o
 .debug_macro   0x0000000000016844       0x3c ./Core/Src/7seg.o
 .debug_macro   0x0000000000016880       0x57 ./Core/Src/7seg.o
 .debug_macro   0x00000000000168d7       0x87 ./Core/Src/7seg.o
 .debug_macro   0x000000000001695e      0x24f ./Core/Src/7seg.o
 .debug_macro   0x0000000000016bad      0x140 ./Core/Src/7seg.o
 .debug_macro   0x0000000000016ced      0x8ed ./Core/Src/7seg.o
 .debug_macro   0x00000000000175da       0xb5 ./Core/Src/7seg.o
 .debug_macro   0x000000000001768f      0x100 ./Core/Src/7seg.o
 .debug_macro   0x000000000001778f      0x1e8 ./Core/Src/automatic.o
 .debug_macro   0x0000000000017977       0x1c ./Core/Src/automatic.o
 .debug_macro   0x0000000000017993       0x40 ./Core/Src/automatic.o
 .debug_macro   0x00000000000179d3      0x1b7 ./Core/Src/button.o
 .debug_macro   0x0000000000017b8a       0x16 ./Core/Src/button.o
 .debug_macro   0x0000000000017ba0      0x1de ./Core/Src/global.o
 .debug_macro   0x0000000000017d7e      0x311 ./Core/Src/main.o
 .debug_macro   0x000000000001808f       0x61 ./Core/Src/main.o
 .debug_macro   0x00000000000180f0       0x24 ./Core/Src/main.o
 .debug_macro   0x0000000000018114       0x43 ./Core/Src/main.o
 .debug_macro   0x0000000000018157       0x34 ./Core/Src/main.o
 .debug_macro   0x000000000001818b      0x369 ./Core/Src/main.o
 .debug_macro   0x00000000000184f4       0x10 ./Core/Src/main.o
 .debug_macro   0x0000000000018504       0x16 ./Core/Src/main.o
 .debug_macro   0x000000000001851a       0x43 ./Core/Src/main.o
 .debug_macro   0x000000000001855d       0x34 ./Core/Src/main.o
 .debug_macro   0x0000000000018591       0x1c ./Core/Src/main.o
 .debug_macro   0x00000000000185ad       0x52 ./Core/Src/main.o
 .debug_macro   0x00000000000185ff       0x22 ./Core/Src/main.o
 .debug_macro   0x0000000000018621       0x10 ./Core/Src/main.o
 .debug_macro   0x0000000000018631       0x52 ./Core/Src/main.o
 .debug_macro   0x0000000000018683       0xcf ./Core/Src/main.o
 .debug_macro   0x0000000000018752       0x1c ./Core/Src/main.o
 .debug_macro   0x000000000001876e       0x3d ./Core/Src/main.o
 .debug_macro   0x00000000000187ab       0x10 ./Core/Src/main.o
 .debug_macro   0x00000000000187bb      0x1e8 ./Core/Src/manual.o
 .debug_macro   0x00000000000189a3      0x2a5 ./Core/Src/scheduler.o
 .debug_macro   0x0000000000018c48       0x5b ./Core/Src/scheduler.o
 .debug_macro   0x0000000000018ca3       0x94 ./Core/Src/scheduler.o
 .debug_macro   0x0000000000018d37       0x57 ./Core/Src/scheduler.o
 .debug_macro   0x0000000000018d8e       0x56 ./Core/Src/scheduler.o
 .debug_macro   0x0000000000018de4      0x1a8 ./Core/Src/stm32f1xx_hal_msp.o
 .debug_macro   0x0000000000018f8c      0x1b2 ./Core/Src/stm32f1xx_it.o
 .debug_macro   0x000000000001913e      0x199 ./Core/Src/system_stm32f1xx.o
 .debug_macro   0x00000000000192d7      0x1b2 ./Core/Src/timer.o
 .debug_macro   0x0000000000019489      0x1b2 ./Core/Src/traffic_light.o
 .debug_macro   0x000000000001963b      0x1bd ./Drivers/STM32F1xx_HAL_Driver/Src/stm32f1xx_hal.o
 .debug_macro   0x00000000000197f8      0x199 ./Drivers/STM32F1xx_HAL_Driver/Src/stm32f1xx_hal_cortex.o
 .debug_macro   0x0000000000019991      0x204 ./Drivers/STM32F1xx_HAL_Driver/Src/stm32f1xx_hal_gpio.o
 .debug_macro   0x0000000000019b95      0x1ab ./Drivers/STM32F1xx_HAL_Driver/Src/stm32f1xx_hal_rcc.o
 .debug_macro   0x0000000000019d40      0x19a ./Drivers/STM32F1xx_HAL_Driver/Src/stm32f1xx_hal_tim.o
 .debug_macro   0x0000000000019eda      0x199 ./Drivers/STM32F1xx_HAL_Driver/Src/stm32f1xx_hal_tim_ex.o

.debug_line     0x0000000000000000     0xdff4
 .debug_line    0x0000000000000000      0x807 ./Core/Src/7seg.o
 .debug_line    0x0000000000000807      0x86e ./Core/Src/automatic.o
 .debug_line    0x0000000000001075      0x851 ./Core/Src/button.o
 .debug_line    0x00000000000018c6      0x770 ./Core/Src/global.o
 .debug_line    0x0000000000002036      0xa3a ./Core/Src/main.o
 .debug_line    0x0000000000002a70      0x828 ./Core/Src/manual.o
 .debug_line    0x0000000000003298      0x98b ./Core/Src/scheduler.o
 .debug_line    0x0000000000003c23      0x729 ./Core/Src/stm32f1xx_hal_msp.o
 .debug_line    0x000000000000434c      0x7c7 ./Core/Src/stm32f1xx_it.o
 .debug_line    0x0000000000004b13      0x76b ./Core/Src/system_stm32f1xx.o
 .debug_line    0x000000000000527e      0x72d ./Core/Src/timer.o
 .debug_line    0x00000000000059ab      0x8b2 ./Core/Src/traffic_light.o
 .debug_line    0x000000000000625d       0x79 ./Core/Startup/startup_stm32f103rctx.o
 .debug_line    0x00000000000062d6      0x998 ./Drivers/STM32F1xx_HAL_Driver/Src/stm32f1xx_hal.o
 .debug_line    0x0000000000006c6e      0xb80 ./Drivers/STM32F1xx_HAL_Driver/Src/stm32f1xx_hal_cortex.o
 .debug_line    0x00000000000077ee      0xa59 ./Drivers/STM32F1xx_HAL_Driver/Src/stm32f1xx_hal_gpio.o
 .debug_line    0x0000000000008247      0xda1 ./Drivers/STM32F1xx_HAL_Driver/Src/stm32f1xx_hal_rcc.o
 .debug_line    0x0000000000008fe8     0x36bf ./Drivers/STM32F1xx_HAL_Driver/Src/stm32f1xx_hal_tim.o
 .debug_line    0x000000000000c6a7     0x194d ./Drivers/STM32F1xx_HAL_Driver/Src/stm32f1xx_hal_tim_ex.o

.debug_str      0x0000000000000000    0x94fa3
 .debug_str     0x0000000000000000    0x8fd4a ./Core/Src/7seg.o
                                      0x90148 (size before relaxing)
 .debug_str     0x000000000008fd4a      0x1ae ./Core/Src/automatic.o
                                      0x90201 (size before relaxing)
 .debug_str     0x000000000008fef8       0xce ./Core/Src/button.o
                                      0x9019d (size before relaxing)
 .debug_str     0x000000000008ffc6       0x21 ./Core/Src/global.o
                                      0x90151 (size before relaxing)
 .debug_str     0x000000000008ffe7     0x2ae8 ./Core/Src/main.o
                                      0x92d64 (size before relaxing)
 .debug_str     0x0000000000092acf       0xbb ./Core/Src/manual.o
                                      0x9024f (size before relaxing)
 .debug_str     0x0000000000092b8a       0x80 ./Core/Src/scheduler.o
                                      0x923f4 (size before relaxing)
 .debug_str     0x0000000000092c0a      0x3d2 ./Core/Src/stm32f1xx_hal_msp.o
                                      0x909aa (size before relaxing)
 .debug_str     0x0000000000092fdc       0xec ./Core/Src/stm32f1xx_it.o
                                      0x905c7 (size before relaxing)
 .debug_str     0x00000000000930c8       0x7e ./Core/Src/system_stm32f1xx.o
                                      0x8fd96 (size before relaxing)
 .debug_str     0x0000000000093146       0x2e ./Core/Src/timer.o
                                      0x90074 (size before relaxing)
 .debug_str     0x0000000000093174       0x2f ./Core/Src/traffic_light.o
                                      0x901f1 (size before relaxing)
 .debug_str     0x00000000000931a3       0x70 ./Core/Startup/startup_stm32f103rctx.o
 .debug_str     0x0000000000093213      0x38e ./Drivers/STM32F1xx_HAL_Driver/Src/stm32f1xx_hal.o
                                      0x905b5 (size before relaxing)
 .debug_str     0x00000000000935a1      0x294 ./Drivers/STM32F1xx_HAL_Driver/Src/stm32f1xx_hal_cortex.o
                                      0x90501 (size before relaxing)
 .debug_str     0x0000000000093835      0x2d2 ./Drivers/STM32F1xx_HAL_Driver/Src/stm32f1xx_hal_gpio.o
                                      0x90124 (size before relaxing)
 .debug_str     0x0000000000093b07      0x229 ./Drivers/STM32F1xx_HAL_Driver/Src/stm32f1xx_hal_rcc.o
                                      0x901cd (size before relaxing)
 .debug_str     0x0000000000093d30      0xde0 ./Drivers/STM32F1xx_HAL_Driver/Src/stm32f1xx_hal_tim.o
                                      0x911cf (size before relaxing)
 .debug_str     0x0000000000094b10      0x493 ./Drivers/STM32F1xx_HAL_Driver/Src/stm32f1xx_hal_tim_ex.o
                                      0x909db (size before relaxing)

.debug_frame    0x0000000000000000     0x2b78
 .debug_frame   0x0000000000000000      0x12c ./Core/Src/7seg.o
 .debug_frame   0x000000000000012c       0x2c ./Core/Src/automatic.o
 .debug_frame   0x0000000000000158       0xd4 ./Core/Src/button.o
 .debug_frame   0x000000000000022c       0x2c ./Core/Src/global.o
 .debug_frame   0x0000000000000258       0xd4 ./Core/Src/main.o
 .debug_frame   0x000000000000032c       0x2c ./Core/Src/manual.o
 .debug_frame   0x0000000000000358       0xcc ./Core/Src/scheduler.o
 .debug_frame   0x0000000000000424       0x80 ./Core/Src/stm32f1xx_hal_msp.o
 .debug_frame   0x00000000000004a4      0x120 ./Core/Src/stm32f1xx_it.o
 .debug_frame   0x00000000000005c4       0x58 ./Core/Src/system_stm32f1xx.o
 .debug_frame   0x000000000000061c       0x60 ./Core/Src/timer.o
 .debug_frame   0x000000000000067c      0x200 ./Core/Src/traffic_light.o
 .debug_frame   0x000000000000087c      0x334 ./Drivers/STM32F1xx_HAL_Driver/Src/stm32f1xx_hal.o
 .debug_frame   0x0000000000000bb0      0x428 ./Drivers/STM32F1xx_HAL_Driver/Src/stm32f1xx_hal_cortex.o
 .debug_frame   0x0000000000000fd8      0x14c ./Drivers/STM32F1xx_HAL_Driver/Src/stm32f1xx_hal_gpio.o
 .debug_frame   0x0000000000001124      0x218 ./Drivers/STM32F1xx_HAL_Driver/Src/stm32f1xx_hal_rcc.o
 .debug_frame   0x000000000000133c     0x11b8 ./Drivers/STM32F1xx_HAL_Driver/Src/stm32f1xx_hal_tim.o
 .debug_frame   0x00000000000024f4      0x638 ./Drivers/STM32F1xx_HAL_Driver/Src/stm32f1xx_hal_tim_ex.o
 .debug_frame   0x0000000000002b2c       0x20 C:/ST/STM32CubeIDE_1.14.1/STM32CubeIDE/plugins/com.st.stm32cube.ide.mcu.externaltools.gnu-tools-for-stm32.11.3.rel1.win32_1.1.100.202309141235/tools/bin/../lib/gcc/arm-none-eabi/11.3.1/../../../../arm-none-eabi/lib/thumb/v7-m/nofp\libc_nano.a(libc_a-memset.o)
 .debug_frame   0x0000000000002b4c       0x2c C:/ST/STM32CubeIDE_1.14.1/STM32CubeIDE/plugins/com.st.stm32cube.ide.mcu.externaltools.gnu-tools-for-stm32.11.3.rel1.win32_1.1.100.202309141235/tools/bin/../lib/gcc/arm-none-eabi/11.3.1/../../../../arm-none-eabi/lib/thumb/v7-m/nofp\libc_nano.a(libc_a-init.o)

.debug_line_str
                0x0000000000000000       0x64
 .debug_line_str
                0x0000000000000000       0x64 ./Core/Startup/startup_stm32f103rctx.o
                                         0x7c (size before relaxing)
